Testing gemini-1.5-flash (Text generation)...
笶・Failed: {"error":{"code":404,"message":"models/gemini-1.5-flash is not found for API version v1beta, or is not supported for generateContent. Call ListModels to see the list of available models and their supp
